27 36 1 20 1 20 1 20 1 99 1 3 2 21
1 3 2 21
1 3 2 12 1 21
1 3 1 13 15 1 12 2 13 15 2 11 1 16 16 21
26 1 20 1 20 1 20 1 4 